[0m11:58:05.741250 [debug] [MainThread]: Sending event: {'category': 'dbt', 'action': 'invocation', 'label': 'start', 'context': [<snowplow_tracker.self_describing_json.SelfDescribingJson object at 0x7e533785bf80>, <snowplow_tracker.self_describing_json.SelfDescribingJson object at 0x7e533785b140>, <snowplow_tracker.self_describing_json.SelfDescribingJson object at 0x7e533785bf20>]}


============================== 11:58:05.744890 | 25f80769-80cd-4c5b-98d2-b48f456cbb6e ==============================
[0m11:58:05.744890 [info ] [MainThread]: Running with dbt=1.11.7
[0m11:58:05.745274 [debug] [MainThread]: running dbt with arguments {'cache_selected_only': 'False', 'quiet': 'False', 'no_print': 'None', 'log_format': 'default', 'fail_fast': 'False', 'log_cache_events': 'False', 'warn_error': 'None', 'log_path': 'logs', 'target_path': 'None', 'write_json': 'True', 'introspect': 'True', 'version_check': 'True', 'warn_error_options': 'WarnErrorOptionsV2(error=[], warn=[], silence=[])', 'static_parser': 'True', 'use_experimental_parser': 'False', 'use_colors': 'True', 'printer_width': '80', 'invocation_command': 'dbt init lh_nautical', 'profiles_dir': '/home/diomoura/.dbt', 'indirect_selection': 'eager', 'send_anonymous_usage_stats': 'True', 'partial_parse': 'True', 'empty': 'None', 'debug': 'False'}
[0m11:58:05.752144 [info ] [MainThread]: Creating dbt configuration folder at /home/diomoura/.dbt
[0m11:58:05.753785 [debug] [MainThread]: Starter project path: /home/diomoura/projetos/Lighthouse/Lighthouse26/.venv/lib/python3.12/site-packages/dbt/include/starter_project
[0m11:58:05.756306 [info ] [MainThread]: 
Your new dbt project "lh_nautical" was created!

For more information on how to configure the profiles.yml file,
please consult the dbt documentation here:

  https://docs.getdbt.com/docs/configure-your-profile

One more thing:

Need help? Don't hesitate to reach out to us via GitHub issues or on Slack:

  https://community.getdbt.com/

Happy modeling!

[0m11:58:05.756694 [info ] [MainThread]: Setting up your profile.
[0m11:59:11.974035 [info ] [MainThread]: Profile lh_nautical written to /home/diomoura/.dbt/profiles.yml using target's profile_template.yml and your supplied values. Run 'dbt debug' to validate the connection.
[0m11:59:11.976255 [debug] [MainThread]: Resource report: {"command_name": "init", "command_success": true, "command_wall_clock_time": 66.271866, "process_in_blocks": "1240", "process_kernel_time": 0.104994, "process_mem_max_rss": "107232", "process_out_blocks": "80", "process_user_time": 0.920718}
[0m11:59:11.976649 [debug] [MainThread]: Command `dbt init` succeeded at 11:59:11.976578 after 66.27 seconds
[0m11:59:11.976913 [debug] [MainThread]: Sending event: {'category': 'dbt', 'action': 'invocation', 'label': 'end', 'context': [<snowplow_tracker.self_describing_json.SelfDescribingJson object at 0x7e5337fb4e30>, <snowplow_tracker.self_describing_json.SelfDescribingJson object at 0x7e5337a892b0>, <snowplow_tracker.self_describing_json.SelfDescribingJson object at 0x7e53371357c0>]}
[0m11:59:11.977187 [debug] [MainThread]: Flushing usage events
[0m11:59:12.837719 [debug] [MainThread]: An error was encountered while trying to flush usage events
[0m12:04:46.218933 [debug] [MainThread]: Sending event: {'category': 'dbt', 'action': 'invocation', 'label': 'start', 'context': [<snowplow_tracker.self_describing_json.SelfDescribingJson object at 0x7d605f07ed50>, <snowplow_tracker.self_describing_json.SelfDescribingJson object at 0x7d605ee31c40>, <snowplow_tracker.self_describing_json.SelfDescribingJson object at 0x7d605ee31df0>]}


============================== 12:04:46.222206 | 0a063ff1-e827-4fb8-a098-e755fd304ca3 ==============================
[0m12:04:46.222206 [info ] [MainThread]: Running with dbt=1.11.7
[0m12:04:46.222559 [debug] [MainThread]: running dbt with arguments {'use_colors': 'True', 'introspect': 'True', 'cache_selected_only': 'False', 'profiles_dir': '/home/diomoura/.dbt', 'send_anonymous_usage_stats': 'True', 'partial_parse': 'True', 'warn_error_options': 'WarnErrorOptionsV2(error=[], warn=[], silence=[])', 'log_cache_events': 'False', 'fail_fast': 'False', 'write_json': 'True', 'empty': 'None', 'static_parser': 'True', 'version_check': 'True', 'log_path': 'logs', 'warn_error': 'None', 'use_experimental_parser': 'False', 'invocation_command': 'dbt debug', 'log_format': 'default', 'no_print': 'None', 'indirect_selection': 'eager', 'quiet': 'False', 'printer_width': '80', 'debug': 'False', 'target_path': 'None'}
[0m12:04:46.237246 [info ] [MainThread]: dbt version: 1.11.7
[0m12:04:46.237605 [info ] [MainThread]: python version: 3.12.3
[0m12:04:46.237788 [info ] [MainThread]: python path: /home/diomoura/projetos/Lighthouse/Lighthouse26/.venv/bin/python3
[0m12:04:46.237974 [info ] [MainThread]: os info: Linux-6.6.87.2-microsoft-standard-WSL2-x86_64-with-glibc2.39
[0m12:04:46.278713 [info ] [MainThread]: Using profiles dir at /home/diomoura/.dbt
[0m12:04:46.279136 [info ] [MainThread]: Using profiles.yml file at /home/diomoura/.dbt/profiles.yml
[0m12:04:46.279353 [info ] [MainThread]: Using dbt_project.yml file at /home/diomoura/projetos/Lighthouse/Lighthouse26/dbt_project.yml
[0m12:04:46.280317 [info ] [MainThread]: adapter type: postgres
[0m12:04:46.280879 [info ] [MainThread]: adapter version: 1.10.0
[0m12:04:46.281133 [info ] [MainThread]: Configuration:
[0m12:04:46.281317 [info ] [MainThread]:   profiles.yml file [[32mOK found and valid[0m]
[0m12:04:46.281489 [info ] [MainThread]:   dbt_project.yml file [[31mERROR not found[0m]
[0m12:04:46.281662 [info ] [MainThread]: Required dependencies:
[0m12:04:46.281925 [debug] [MainThread]: Executing "git --help"
[0m12:04:46.294468 [debug] [MainThread]: STDOUT: "b"usage: git [-v | --version] [-h | --help] [-C <path>] [-c <name>=<value>]\n           [--exec-path[=<path>]] [--html-path] [--man-path] [--info-path]\n           [-p | --paginate | -P | --no-pager] [--no-replace-objects] [--bare]\n           [--git-dir=<path>] [--work-tree=<path>] [--namespace=<name>]\n           [--config-env=<name>=<envvar>] <command> [<args>]\n\nThese are common Git commands used in various situations:\n\nstart a working area (see also: git help tutorial)\n   clone     Clone a repository into a new directory\n   init      Create an empty Git repository or reinitialize an existing one\n\nwork on the current change (see also: git help everyday)\n   add       Add file contents to the index\n   mv        Move or rename a file, a directory, or a symlink\n   restore   Restore working tree files\n   rm        Remove files from the working tree and from the index\n\nexamine the history and state (see also: git help revisions)\n   bisect    Use binary search to find the commit that introduced a bug\n   diff      Show changes between commits, commit and working tree, etc\n   grep      Print lines matching a pattern\n   log       Show commit logs\n   show      Show various types of objects\n   status    Show the working tree status\n\ngrow, mark and tweak your common history\n   branch    List, create, or delete branches\n   commit    Record changes to the repository\n   merge     Join two or more development histories together\n   rebase    Reapply commits on top of another base tip\n   reset     Reset current HEAD to the specified state\n   switch    Switch branches\n   tag       Create, list, delete or verify a tag object signed with GPG\n\ncollaborate (see also: git help workflows)\n   fetch     Download objects and refs from another repository\n   pull      Fetch from and integrate with another repository or a local branch\n   push      Update remote refs along with associated objects\n\n'git help -a' and 'git help -g' list available subcommands and some\nconcept guides. See 'git help <command>' or 'git help <concept>'\nto read about a specific subcommand or concept.\nSee 'git help git' for an overview of the system.\n""
[0m12:04:46.295139 [debug] [MainThread]: STDERR: "b''"
[0m12:04:46.295361 [info ] [MainThread]:  - git [[32mOK found[0m]

[0m12:04:46.295594 [info ] [MainThread]: Connection:
[0m12:04:46.295803 [info ] [MainThread]:   host: localhost
[0m12:04:46.296087 [info ] [MainThread]:   port: 5433
[0m12:04:46.296351 [info ] [MainThread]:   user: postgres
[0m12:04:46.296523 [info ] [MainThread]:   database: target_db
[0m12:04:46.296684 [info ] [MainThread]:   schema: target_db
[0m12:04:46.296846 [info ] [MainThread]:   connect_timeout: 10
[0m12:04:46.297009 [info ] [MainThread]:   role: None
[0m12:04:46.297164 [info ] [MainThread]:   search_path: None
[0m12:04:46.297321 [info ] [MainThread]:   keepalives_idle: 0
[0m12:04:46.297475 [info ] [MainThread]:   sslmode: None
[0m12:04:46.297629 [info ] [MainThread]:   sslcert: None
[0m12:04:46.297795 [info ] [MainThread]:   sslkey: None
[0m12:04:46.297945 [info ] [MainThread]:   sslrootcert: None
[0m12:04:46.298103 [info ] [MainThread]:   application_name: dbt
[0m12:04:46.298261 [info ] [MainThread]:   retries: 1
[0m12:04:46.298552 [info ] [MainThread]: Registered adapter: postgres=1.10.0
[0m12:04:46.345432 [debug] [MainThread]: Acquiring new postgres connection 'debug'
[0m12:04:46.368737 [debug] [MainThread]: Using postgres connection "debug"
[0m12:04:46.369096 [debug] [MainThread]: On debug: select 1 as id
[0m12:04:46.369284 [debug] [MainThread]: Opening a new connection, currently in state init
[0m12:04:46.394256 [debug] [MainThread]: SQL status: SELECT 1 in 0.025 seconds
[0m12:04:46.395386 [debug] [MainThread]: On debug: Close
[0m12:04:46.395814 [info ] [MainThread]:   Connection test: [[32mOK connection ok[0m]

[0m12:04:46.396058 [info ] [MainThread]: [31m1 check failed:[0m
[0m12:04:46.396245 [info ] [MainThread]: Project loading failed for the following reason:
 project path </home/diomoura/projetos/Lighthouse/Lighthouse26/dbt_project.yml> not found

[0m12:04:46.396958 [debug] [MainThread]: Resource report: {"command_name": "debug", "command_success": false, "command_wall_clock_time": 0.21586785, "process_in_blocks": "67240", "process_kernel_time": 0.180446, "process_mem_max_rss": "116332", "process_out_blocks": "32", "process_user_time": 1.037569}
[0m12:04:46.397322 [debug] [MainThread]: Command `dbt debug` failed at 12:04:46.397254 after 0.22 seconds
[0m12:04:46.397539 [debug] [MainThread]: Connection 'debug' was properly closed.
[0m12:04:46.397753 [debug] [MainThread]: Sending event: {'category': 'dbt', 'action': 'invocation', 'label': 'end', 'context': [<snowplow_tracker.self_describing_json.SelfDescribingJson object at 0x7d60601a22d0>, <snowplow_tracker.self_describing_json.SelfDescribingJson object at 0x7d6061438fe0>, <snowplow_tracker.self_describing_json.SelfDescribingJson object at 0x7d60629b3440>]}
[0m12:04:46.398143 [debug] [MainThread]: Flushing usage events
[0m12:04:47.540385 [debug] [MainThread]: An error was encountered while trying to flush usage events
[0m12:05:04.257808 [debug] [MainThread]: Sending event: {'category': 'dbt', 'action': 'invocation', 'label': 'start', 'context': [<snowplow_tracker.self_describing_json.SelfDescribingJson object at 0x717348f24770>, <snowplow_tracker.self_describing_json.SelfDescribingJson object at 0x717348b19fa0>, <snowplow_tracker.self_describing_json.SelfDescribingJson object at 0x717348d8b0b0>]}


============================== 12:05:04.260357 | b1fdb107-41a7-469d-9b07-6312cbf45e75 ==============================
[0m12:05:04.260357 [info ] [MainThread]: Running with dbt=1.11.7
[0m12:05:04.260724 [debug] [MainThread]: running dbt with arguments {'warn_error': 'None', 'no_print': 'None', 'cache_selected_only': 'False', 'target_path': 'None', 'debug': 'False', 'log_path': 'logs', 'send_anonymous_usage_stats': 'True', 'write_json': 'True', 'empty': 'None', 'printer_width': '80', 'static_parser': 'True', 'partial_parse': 'True', 'quiet': 'False', 'version_check': 'True', 'warn_error_options': 'WarnErrorOptionsV2(error=[], warn=[], silence=[])', 'use_colors': 'True', 'log_format': 'default', 'use_experimental_parser': 'False', 'fail_fast': 'False', 'profiles_dir': '/home/diomoura/.dbt', 'invocation_command': 'dbt debug', 'introspect': 'True', 'log_cache_events': 'False', 'indirect_selection': 'eager'}
[0m12:05:04.267930 [info ] [MainThread]: dbt version: 1.11.7
[0m12:05:04.268798 [info ] [MainThread]: python version: 3.12.3
[0m12:05:04.269079 [info ] [MainThread]: python path: /home/diomoura/projetos/Lighthouse/Lighthouse26/.venv/bin/python3
[0m12:05:04.269285 [info ] [MainThread]: os info: Linux-6.6.87.2-microsoft-standard-WSL2-x86_64-with-glibc2.39
[0m12:05:04.309103 [info ] [MainThread]: Using profiles dir at /home/diomoura/.dbt
[0m12:05:04.309537 [info ] [MainThread]: Using profiles.yml file at /home/diomoura/.dbt/profiles.yml
[0m12:05:04.309753 [info ] [MainThread]: Using dbt_project.yml file at /home/diomoura/projetos/Lighthouse/Lighthouse26/dbt_project.yml
[0m12:05:04.310141 [info ] [MainThread]: adapter type: postgres
[0m12:05:04.310418 [info ] [MainThread]: adapter version: 1.10.0
[0m12:05:04.310666 [info ] [MainThread]: Configuration:
[0m12:05:04.310871 [info ] [MainThread]:   profiles.yml file [[32mOK found and valid[0m]
[0m12:05:04.311045 [info ] [MainThread]:   dbt_project.yml file [[31mERROR not found[0m]
[0m12:05:04.311290 [info ] [MainThread]: Required dependencies:
[0m12:05:04.311513 [debug] [MainThread]: Executing "git --help"
[0m12:05:04.313055 [debug] [MainThread]: STDOUT: "b"usage: git [-v | --version] [-h | --help] [-C <path>] [-c <name>=<value>]\n           [--exec-path[=<path>]] [--html-path] [--man-path] [--info-path]\n           [-p | --paginate | -P | --no-pager] [--no-replace-objects] [--bare]\n           [--git-dir=<path>] [--work-tree=<path>] [--namespace=<name>]\n           [--config-env=<name>=<envvar>] <command> [<args>]\n\nThese are common Git commands used in various situations:\n\nstart a working area (see also: git help tutorial)\n   clone     Clone a repository into a new directory\n   init      Create an empty Git repository or reinitialize an existing one\n\nwork on the current change (see also: git help everyday)\n   add       Add file contents to the index\n   mv        Move or rename a file, a directory, or a symlink\n   restore   Restore working tree files\n   rm        Remove files from the working tree and from the index\n\nexamine the history and state (see also: git help revisions)\n   bisect    Use binary search to find the commit that introduced a bug\n   diff      Show changes between commits, commit and working tree, etc\n   grep      Print lines matching a pattern\n   log       Show commit logs\n   show      Show various types of objects\n   status    Show the working tree status\n\ngrow, mark and tweak your common history\n   branch    List, create, or delete branches\n   commit    Record changes to the repository\n   merge     Join two or more development histories together\n   rebase    Reapply commits on top of another base tip\n   reset     Reset current HEAD to the specified state\n   switch    Switch branches\n   tag       Create, list, delete or verify a tag object signed with GPG\n\ncollaborate (see also: git help workflows)\n   fetch     Download objects and refs from another repository\n   pull      Fetch from and integrate with another repository or a local branch\n   push      Update remote refs along with associated objects\n\n'git help -a' and 'git help -g' list available subcommands and some\nconcept guides. See 'git help <command>' or 'git help <concept>'\nto read about a specific subcommand or concept.\nSee 'git help git' for an overview of the system.\n""
[0m12:05:04.313305 [debug] [MainThread]: STDERR: "b''"
[0m12:05:04.313471 [info ] [MainThread]:  - git [[32mOK found[0m]

[0m12:05:04.313657 [info ] [MainThread]: Connection:
[0m12:05:04.313840 [info ] [MainThread]:   host: localhost
[0m12:05:04.314010 [info ] [MainThread]:   port: 5433
[0m12:05:04.314265 [info ] [MainThread]:   user: postgres
[0m12:05:04.314437 [info ] [MainThread]:   database: target_db
[0m12:05:04.314596 [info ] [MainThread]:   schema: target_db
[0m12:05:04.315013 [info ] [MainThread]:   connect_timeout: 10
[0m12:05:04.315197 [info ] [MainThread]:   role: None
[0m12:05:04.315717 [info ] [MainThread]:   search_path: None
[0m12:05:04.316027 [info ] [MainThread]:   keepalives_idle: 0
[0m12:05:04.316254 [info ] [MainThread]:   sslmode: None
[0m12:05:04.316427 [info ] [MainThread]:   sslcert: None
[0m12:05:04.316844 [info ] [MainThread]:   sslkey: None
[0m12:05:04.317062 [info ] [MainThread]:   sslrootcert: None
[0m12:05:04.317324 [info ] [MainThread]:   application_name: dbt
[0m12:05:04.317507 [info ] [MainThread]:   retries: 1
[0m12:05:04.317821 [info ] [MainThread]: Registered adapter: postgres=1.10.0
[0m12:05:04.366753 [debug] [MainThread]: Acquiring new postgres connection 'debug'
[0m12:05:04.382564 [debug] [MainThread]: Using postgres connection "debug"
[0m12:05:04.383037 [debug] [MainThread]: On debug: select 1 as id
[0m12:05:04.383251 [debug] [MainThread]: Opening a new connection, currently in state init
[0m12:05:04.388930 [debug] [MainThread]: SQL status: SELECT 1 in 0.006 seconds
[0m12:05:04.389695 [debug] [MainThread]: On debug: Close
[0m12:05:04.389971 [info ] [MainThread]:   Connection test: [[32mOK connection ok[0m]

[0m12:05:04.390287 [info ] [MainThread]: [31m1 check failed:[0m
[0m12:05:04.390502 [info ] [MainThread]: Project loading failed for the following reason:
 project path </home/diomoura/projetos/Lighthouse/Lighthouse26/dbt_project.yml> not found

[0m12:05:04.391391 [debug] [MainThread]: Resource report: {"command_name": "debug", "command_success": false, "command_wall_clock_time": 0.16999158, "process_in_blocks": "0", "process_kernel_time": 0.146802, "process_mem_max_rss": "116088", "process_out_blocks": "16", "process_user_time": 0.964136}
[0m12:05:04.391705 [debug] [MainThread]: Command `dbt debug` failed at 12:05:04.391640 after 0.17 seconds
[0m12:05:04.391920 [debug] [MainThread]: Connection 'debug' was properly closed.
[0m12:05:04.392120 [debug] [MainThread]: Sending event: {'category': 'dbt', 'action': 'invocation', 'label': 'end', 'context': [<snowplow_tracker.self_describing_json.SelfDescribingJson object at 0x717348e020f0>, <snowplow_tracker.self_describing_json.SelfDescribingJson object at 0x717348ff9af0>, <snowplow_tracker.self_describing_json.SelfDescribingJson object at 0x717348617f80>]}
[0m12:05:04.392363 [debug] [MainThread]: Flushing usage events
[0m12:05:05.340296 [debug] [MainThread]: An error was encountered while trying to flush usage events
